// Jest Snapshot v1, https://goo.gl/fbAQLP

exports[`/admin/batch GET /admin/batch lists batch jobs created by the user 1`] = `
Object {
  "batch_jobs": Array [
    Object {
      "context": Object {},
      "created_at": Any<String>,
      "created_by": "admin_user",
      "deleted_at": null,
      "id": "job_3",
      "result": null,
      "status": "created",
      "type": "batch_2",
      "updated_at": Any<String>,
    },
    Object {
      "context": Object {},
      "created_at": Any<String>,
      "created_by": "admin_user",
      "deleted_at": null,
      "id": "job_2",
      "result": null,
      "status": "created",
      "type": "batch_2",
      "updated_at": Any<String>,
    },
    Object {
      "context": Object {},
      "created_at": Any<String>,
      "created_by": "admin_user",
      "deleted_at": null,
      "id": "job_1",
      "result": null,
      "status": "created",
      "type": "batch_1",
      "updated_at": Any<String>,
    },
  ],
  "count": 3,
  "limit": 10,
  "offset": 0,
}
`;

exports[`/admin/batch POST /admin/batch/:id Updates batch job 1`] = `
Object {
  "awaiting_confirmation_at": null,
  "cancelled_at": null,
  "completed_at": null,
  "context": Object {},
  "created_at": Any<String>,
  "created_by": "admin_user",
  "deleted_at": null,
  "id": Any<String>,
  "processing_at": null,
  "result": null,
  "status": "created",
  "type": "batch_2",
  "updated_at": Any<String>,
}
`;

exports[`/admin/batch POST /admin/batch/:id Updates batch job with status sets time of update 1`] = `
Object {
  "awaiting_confirmation_at": null,
  "cancelled_at": null,
  "completed_at": null,
  "context": Object {},
  "created_at": Any<String>,
  "created_by": "admin_user",
  "deleted_at": null,
  "id": Any<String>,
  "processing_at": Any<String>,
  "result": null,
  "status": "processing",
  "type": "batch_1",
  "updated_at": Any<String>,
}
`;

exports[`/admin/batch POST /admin/batch/:id/complete Completes batch job created by the user 1`] = `
Object {
  "awaiting_confirmation_at": null,
  "cancelled_at": null,
  "completed_at": Any<String>,
  "context": Object {},
  "created_at": Any<String>,
  "created_by": "admin_user",
  "deleted_at": null,
  "id": "job_2",
  "processing_at": null,
  "result": null,
  "status": "completed",
  "type": "batch_1",
  "updated_at": Any<String>,
}
`;
